six
------ opening nelsis ------
------ reading image description file '/data/public/common/software/nelsis/5.4.7p/share/lib/celllibs/fishbone/image.seadif' ------
------ opening seadif ------
------ checking your circuit 'tank_pos_reg' ------
------ circuit 'tank_pos_reg' is still up-to-date ------
------ checking match with placement layout 'Tmptank_pos_reg10591' ------
------ reading nelsis layout-cell 'Tmptank_pos_reg10591' ------
------ writing nelsis 'Tmptank_pos_reg10591' as sdflay 'Tmp_Cell_(tank_pos_reg(tank_pos_reg(test)))' ------
------ input seems good enough: calling router ------
calling program: trout -l test -f tank_pos_reg -c tank_pos_reg -o Tmp_Cell_ -d Tmp_Cell_ 
------ routing successful ------
------ converting result back into nelsis as cell 'Tmptank_pos_reg10591' ------
calling program: nelsea -rLH -f tank_pos_reg -c tank_pos_reg -l Tmp_Cell_ Tmptank_pos_reg10591 
------ sea: task completed ------
