>>>>>> trout: automatic router for Sea-of-Gates           <<<<<<
>>>>>> (c) 1995 Patrick Groeneveld, Delft Univ. of Techn. <<<<<<
------ reading image description file '/data/public/common/software/nelsis/5.4.7p/share/lib/celllibs/fishbone/image.seadif'
------ reading placement 'Tmp_Cell_(tank_pos_reg(tank_pos_reg(test)))'
------ building data structure
------ making grid
------ routing started Sun Nov 27 21:36:13 2016
24 nets have to be routed.
Routing net(1) 'tank_or_out_1_0_0' (2/2): .b OK!
Routing net(2) 'tank_x_in_3_0_3' (2/2): .b OK!
Routing net(3) 'tank_y_out_3_0_3' (2/2): .b OK!
Routing net(4) 'tank_y_in_3_0_2' (2/2): .b OK!
Routing net(5) 'tank_y_in_3_0_0' (2/2): .b OK!
Routing net(6) 'tank_or_in_1_0_1' (2/2): .b OK!
Routing net(7) 'tank_or_out_1_0_1' (2/2): .b OK!
Routing net(8) 'tank_or_in_1_0_0' (2/2): .b OK!
Routing net(9) 'tank_x_out_3_0_3' (2/2): .b OK!
Routing net(10) 'tank_x_in_3_0_2' (2/2): .b OK!
Routing net(11) 'tank_x_out_3_0_2' (2/2): .b OK!
Routing net(12) 'tank_x_in_3_0_1' (2/2): .b OK!
Routing net(13) 'tank_x_out_3_0_1' (2/2): .b OK!
Routing net(14) 'tank_x_in_3_0_0' (2/2): .b OK!
Routing net(15) 'tank_x_out_3_0_0' (2/2): .b OK!
Routing net(16) 'tank_y_in_3_0_3' (2/2): .b OK!
Routing net(17) 'tank_y_out_3_0_2' (2/2): .b OK!
Routing net(18) 'tank_y_in_3_0_1' (2/2): .b OK!
Routing net(19) 'tank_y_out_3_0_1' (2/2): .b OK!
Routing net(20) 'tank_y_out_3_0_0' (2/2): .b OK!
Routing net(21) 'vdd' :  (Power special)
Routing net(22) 'reset' (11/11): ..........b OK!
Routing net(23) 'update_pos' (11/11): ..........b OK!
Routing net(24) 'vss' :  (Power special)
READY
----- Some interesting statistics ------
Total number of nets:                 24 (100% completion)
Total length of routed wires:         601 grids = 5.289 mm
No. of transistors (total / used):    672/420 = 62.50 %
CPU-time consumption:                 0.01 sec.
Elapsed time during routing:          0.01 sec. (100.00 % of cpu)
------ Verifying Connectivity ------
------ No unconnect nor short-circuits ------
------ Writing 'Tmp_Cell_(tank_pos_reg(tank_pos_reg(test)))'
------ Trout: task completed on Sun Nov 27 21:36:13 2016
terminate
